[2026-04-30 08:04:22] printer=POS-80-Series
[2026-04-30 08:04:22] finalBarcodeValue='T20260430-080422-8413B'
[2026-04-30 08:04:22] ENTER win_generate_barcode_png_code128 (ordered include version)
[2026-04-30 08:04:22] barcode src=C:\htdocs\anpr\api/../composer/php-barcode-generator-main/src/
[2026-04-30 08:04:22] barcode gen: {"success":true,"message":"Barcode PNG creato"}
[2026-04-30 08:04:22] barcode file exists=1 size=226
[2026-04-30 08:04:23] render: {"success":true,"message":"PNG creato"}
[2026-04-30 08:04:24] print: {"success":true,"message":"Stampato su POS-80-Series"}
[2026-04-30 08:05:02] printer=POS-80-Series
[2026-04-30 08:05:02] finalBarcodeValue='T20260430-080502-60F74'
[2026-04-30 08:05:02] ENTER win_generate_barcode_png_code128 (ordered include version)
[2026-04-30 08:05:02] barcode src=C:\htdocs\anpr\api/../composer/php-barcode-generator-main/src/
[2026-04-30 08:05:02] barcode gen: {"success":true,"message":"Barcode PNG creato"}
[2026-04-30 08:05:02] barcode file exists=1 size=227
[2026-04-30 08:05:02] render: {"success":true,"message":"PNG creato"}
[2026-04-30 08:05:03] print: {"success":true,"message":"Stampato su POS-80-Series"}
[2026-04-30 08:05:17] printer=POS-80-Series
[2026-04-30 08:05:17] finalBarcodeValue='T20260430-080517-069B7'
[2026-04-30 08:05:17] ENTER win_generate_barcode_png_code128 (ordered include version)
[2026-04-30 08:05:17] barcode src=C:\htdocs\anpr\api/../composer/php-barcode-generator-main/src/
[2026-04-30 08:05:17] barcode gen: {"success":true,"message":"Barcode PNG creato"}
[2026-04-30 08:05:17] barcode file exists=1 size=226
[2026-04-30 08:05:18] render: {"success":true,"message":"PNG creato"}
[2026-04-30 08:05:18] print: {"success":true,"message":"Stampato su POS-80-Series"}
[2026-04-30 08:06:11] printer=POS-80-Series
[2026-04-30 08:06:11] finalBarcodeValue='T20260430-080611-83905'
[2026-04-30 08:06:11] ENTER win_generate_barcode_png_code128 (ordered include version)
[2026-04-30 08:06:11] barcode src=C:\htdocs\anpr\api/../composer/php-barcode-generator-main/src/
[2026-04-30 08:06:11] barcode gen: {"success":true,"message":"Barcode PNG creato"}
[2026-04-30 08:06:11] barcode file exists=1 size=223
[2026-04-30 08:06:12] render: {"success":true,"message":"PNG creato"}
[2026-04-30 08:06:13] print: {"success":true,"message":"Stampato su POS-80-Series"}
[2026-04-30 08:34:46] printer=POS-80-Series
[2026-04-30 08:34:46] finalBarcodeValue='T20260430-083446-FE189'
[2026-04-30 08:34:46] ENTER win_generate_barcode_png_code128 (ordered include version)
[2026-04-30 08:34:46] barcode src=C:\htdocs\anpr\api/../composer/php-barcode-generator-main/src/
[2026-04-30 08:34:46] barcode gen: {"success":true,"message":"Barcode PNG creato"}
[2026-04-30 08:34:46] barcode file exists=1 size=228
[2026-04-30 08:34:47] render: {"success":true,"message":"PNG creato"}
[2026-04-30 08:34:48] print: {"success":true,"message":"Stampato su POS-80-Series"}
[2026-04-30 10:00:48] printer=POS-80-Series
[2026-04-30 10:00:48] finalBarcodeValue='T20260430-100048-9C4B7'
[2026-04-30 10:00:48] ENTER win_generate_barcode_png_code128 (ordered include version)
[2026-04-30 10:00:48] barcode src=C:\htdocs\anpr\api/../composer/php-barcode-generator-main/src/
[2026-04-30 10:00:48] barcode gen: {"success":true,"message":"Barcode PNG creato"}
[2026-04-30 10:00:48] barcode file exists=1 size=226
[2026-04-30 10:00:49] render: {"success":true,"message":"PNG creato"}
[2026-04-30 10:00:50] print: {"success":true,"message":"Stampato su POS-80-Series"}
[2026-04-30 10:01:27] printer=POS-80-Series
[2026-04-30 10:01:27] finalBarcodeValue='T20260430-100127-63FF4'
[2026-04-30 10:01:27] ENTER win_generate_barcode_png_code128 (ordered include version)
[2026-04-30 10:01:27] barcode src=C:\htdocs\anpr\api/../composer/php-barcode-generator-main/src/
[2026-04-30 10:01:27] barcode gen: {"success":true,"message":"Barcode PNG creato"}
[2026-04-30 10:01:27] barcode file exists=1 size=226
[2026-04-30 10:01:28] render: {"success":true,"message":"PNG creato"}
[2026-04-30 10:01:28] print: {"success":true,"message":"Stampato su POS-80-Series"}
[2026-04-30 11:05:51] printer=POS-80-Series
[2026-04-30 11:05:51] finalBarcodeValue='T20260430-110551-BF925'
[2026-04-30 11:05:51] ENTER win_generate_barcode_png_code128 (ordered include version)
[2026-04-30 11:05:51] barcode src=C:\htdocs\anpr\api/../composer/php-barcode-generator-main/src/
[2026-04-30 11:05:51] barcode gen: {"success":true,"message":"Barcode PNG creato"}
[2026-04-30 11:05:51] barcode file exists=1 size=228
[2026-04-30 11:05:52] render: {"success":true,"message":"PNG creato"}
[2026-04-30 11:05:53] print: {"success":true,"message":"Stampato su POS-80-Series"}
[2026-04-30 11:12:15] printer=POS-80-Series
[2026-04-30 11:12:15] finalBarcodeValue='T20260430-111215-1DA91'
[2026-04-30 11:12:15] ENTER win_generate_barcode_png_code128 (ordered include version)
[2026-04-30 11:12:15] barcode src=C:\htdocs\anpr\api/../composer/php-barcode-generator-main/src/
[2026-04-30 11:12:15] barcode gen: {"success":true,"message":"Barcode PNG creato"}
[2026-04-30 11:12:15] barcode file exists=1 size=226
[2026-04-30 11:12:16] render: {"success":true,"message":"PNG creato"}
[2026-04-30 11:12:16] print: {"success":true,"message":"Stampato su POS-80-Series"}
[2026-04-30 11:12:22] printer=POS-80-Series
[2026-04-30 11:12:22] finalBarcodeValue='T20260430-111215-1DA91'
[2026-04-30 11:12:22] ENTER win_generate_barcode_png_code128 (ordered include version)
[2026-04-30 11:12:22] barcode src=C:\htdocs\anpr\api/../composer/php-barcode-generator-main/src/
[2026-04-30 11:12:22] barcode gen: {"success":true,"message":"Barcode PNG creato"}
[2026-04-30 11:12:22] barcode file exists=1 size=226
[2026-04-30 11:12:23] render: {"success":true,"message":"PNG creato"}
[2026-04-30 11:12:23] print: {"success":true,"message":"Stampato su POS-80-Series"}
[2026-04-30 15:40:17] printer=POS-80-Series
[2026-04-30 15:40:17] finalBarcodeValue='T20260430-154017-C11ED'
[2026-04-30 15:40:17] ENTER win_generate_barcode_png_code128 (ordered include version)
[2026-04-30 15:40:17] barcode src=C:\htdocs\anpr\api/../composer/php-barcode-generator-main/src/
[2026-04-30 15:40:18] barcode gen: {"success":true,"message":"Barcode PNG creato"}
[2026-04-30 15:40:18] barcode file exists=1 size=227
[2026-04-30 15:40:19] render: {"success":true,"message":"PNG creato"}
[2026-04-30 15:40:20] print: {"success":true,"message":"Stampato su POS-80-Series"}
[2026-04-30 15:40:36] printer=POS-80-Series
[2026-04-30 15:40:36] finalBarcodeValue='T20260430-154036-0652D'
[2026-04-30 15:40:36] ENTER win_generate_barcode_png_code128 (ordered include version)
[2026-04-30 15:40:36] barcode src=C:\htdocs\anpr\api/../composer/php-barcode-generator-main/src/
[2026-04-30 15:40:36] barcode gen: {"success":true,"message":"Barcode PNG creato"}
[2026-04-30 15:40:36] barcode file exists=1 size=224
[2026-04-30 15:40:37] render: {"success":true,"message":"PNG creato"}
[2026-04-30 15:40:38] print: {"success":true,"message":"Stampato su POS-80-Series"}
[2026-04-30 15:40:45] printer=POS-80-Series
[2026-04-30 15:40:45] finalBarcodeValue='T20260430-154045-2C50F'
[2026-04-30 15:40:45] ENTER win_generate_barcode_png_code128 (ordered include version)
[2026-04-30 15:40:45] barcode src=C:\htdocs\anpr\api/../composer/php-barcode-generator-main/src/
[2026-04-30 15:40:45] barcode gen: {"success":true,"message":"Barcode PNG creato"}
[2026-04-30 15:40:45] barcode file exists=1 size=227
[2026-04-30 15:40:45] render: {"success":true,"message":"PNG creato"}
[2026-04-30 15:40:46] print: {"success":true,"message":"Stampato su POS-80-Series"}
[2026-04-30 15:40:55] printer=POS-80-Series
[2026-04-30 15:40:55] finalBarcodeValue='T20260430-154055-853D1'
[2026-04-30 15:40:55] ENTER win_generate_barcode_png_code128 (ordered include version)
[2026-04-30 15:40:55] barcode src=C:\htdocs\anpr\api/../composer/php-barcode-generator-main/src/
[2026-04-30 15:40:55] barcode gen: {"success":true,"message":"Barcode PNG creato"}
[2026-04-30 15:40:55] barcode file exists=1 size=228
[2026-04-30 15:40:56] render: {"success":true,"message":"PNG creato"}
[2026-04-30 15:40:57] print: {"success":true,"message":"Stampato su POS-80-Series"}
[2026-04-30 15:41:21] printer=POS-80-Series
[2026-04-30 15:41:21] finalBarcodeValue='T20260430-154121-CBBE8'
[2026-04-30 15:41:21] ENTER win_generate_barcode_png_code128 (ordered include version)
[2026-04-30 15:41:21] barcode src=C:\htdocs\anpr\api/../composer/php-barcode-generator-main/src/
[2026-04-30 15:41:21] barcode gen: {"success":true,"message":"Barcode PNG creato"}
[2026-04-30 15:41:21] barcode file exists=1 size=227
[2026-04-30 15:41:21] render: {"success":true,"message":"PNG creato"}
[2026-04-30 15:41:22] print: {"success":true,"message":"Stampato su POS-80-Series"}
[2026-04-30 15:56:36] printer=POS-80-Series
[2026-04-30 15:56:36] finalBarcodeValue='T20260430-155636-26445'
[2026-04-30 15:56:36] ENTER win_generate_barcode_png_code128 (ordered include version)
[2026-04-30 15:56:36] barcode src=C:\htdocs\anpr\api/../composer/php-barcode-generator-main/src/
[2026-04-30 15:56:36] barcode gen: {"success":true,"message":"Barcode PNG creato"}
[2026-04-30 15:56:36] barcode file exists=1 size=220
[2026-04-30 15:56:37] render: {"success":true,"message":"PNG creato"}
[2026-04-30 15:56:38] print: {"success":true,"message":"Stampato su POS-80-Series"}
[2026-04-30 16:01:28] printer=POS-80-Series
[2026-04-30 16:01:28] finalBarcodeValue='T20260430-160128-C0417'
[2026-04-30 16:01:28] ENTER win_generate_barcode_png_code128 (ordered include version)
[2026-04-30 16:01:28] barcode src=C:\htdocs\anpr\api/../composer/php-barcode-generator-main/src/
[2026-04-30 16:01:29] barcode gen: {"success":true,"message":"Barcode PNG creato"}
[2026-04-30 16:01:29] barcode file exists=1 size=225
[2026-04-30 16:01:29] render: {"success":true,"message":"PNG creato"}
[2026-04-30 16:01:30] print: {"success":true,"message":"Stampato su POS-80-Series"}
[2026-04-30 16:02:51] printer=POS-80-Series
[2026-04-30 16:02:51] finalBarcodeValue='T20260430-160251-9C3F8'
[2026-04-30 16:02:51] ENTER win_generate_barcode_png_code128 (ordered include version)
[2026-04-30 16:02:51] barcode src=C:\htdocs\anpr\api/../composer/php-barcode-generator-main/src/
[2026-04-30 16:02:51] barcode gen: {"success":true,"message":"Barcode PNG creato"}
[2026-04-30 16:02:51] barcode file exists=1 size=227
[2026-04-30 16:02:52] render: {"success":true,"message":"PNG creato"}
[2026-04-30 16:02:52] print: {"success":true,"message":"Stampato su POS-80-Series"}
[2026-04-30 16:03:33] printer=POS-80-Series
[2026-04-30 16:03:33] finalBarcodeValue='T20260430-160333-1A8B9'
[2026-04-30 16:03:33] ENTER win_generate_barcode_png_code128 (ordered include version)
[2026-04-30 16:03:33] barcode src=C:\htdocs\anpr\api/../composer/php-barcode-generator-main/src/
[2026-04-30 16:03:33] barcode gen: {"success":true,"message":"Barcode PNG creato"}
[2026-04-30 16:03:33] barcode file exists=1 size=227
[2026-04-30 16:03:34] render: {"success":true,"message":"PNG creato"}
[2026-04-30 16:03:35] print: {"success":true,"message":"Stampato su POS-80-Series"}
[2026-04-30 16:06:43] printer=POS-80-Series
[2026-04-30 16:06:43] finalBarcodeValue='T20260430-160643-D8835'
[2026-04-30 16:06:43] ENTER win_generate_barcode_png_code128 (ordered include version)
[2026-04-30 16:06:43] barcode src=C:\htdocs\anpr\api/../composer/php-barcode-generator-main/src/
[2026-04-30 16:06:43] barcode gen: {"success":true,"message":"Barcode PNG creato"}
[2026-04-30 16:06:43] barcode file exists=1 size=221
[2026-04-30 16:06:44] render: {"success":true,"message":"PNG creato"}
[2026-04-30 16:06:44] print: {"success":true,"message":"Stampato su POS-80-Series"}
[2026-04-30 16:06:45] printer=POS-80-Series
[2026-04-30 16:06:45] finalBarcodeValue='T20260430-160645-5657E'
[2026-04-30 16:06:45] ENTER win_generate_barcode_png_code128 (ordered include version)
[2026-04-30 16:06:45] barcode src=C:\htdocs\anpr\api/../composer/php-barcode-generator-main/src/
[2026-04-30 16:06:45] barcode gen: {"success":true,"message":"Barcode PNG creato"}
[2026-04-30 16:06:45] barcode file exists=1 size=222
[2026-04-30 16:06:46] render: {"success":true,"message":"PNG creato"}
[2026-04-30 16:06:46] print: {"success":true,"message":"Stampato su POS-80-Series"}
[2026-04-30 16:06:59] printer=POS-80-Series
[2026-04-30 16:06:59] finalBarcodeValue='T20260430-160659-30768'
[2026-04-30 16:06:59] ENTER win_generate_barcode_png_code128 (ordered include version)
[2026-04-30 16:06:59] barcode src=C:\htdocs\anpr\api/../composer/php-barcode-generator-main/src/
[2026-04-30 16:06:59] barcode gen: {"success":true,"message":"Barcode PNG creato"}
[2026-04-30 16:06:59] barcode file exists=1 size=222
[2026-04-30 16:06:59] render: {"success":true,"message":"PNG creato"}
[2026-04-30 16:07:00] print: {"success":true,"message":"Stampato su POS-80-Series"}
[2026-04-30 16:07:35] printer=POS-80-Series
[2026-04-30 16:07:35] finalBarcodeValue='T20260430-160735-78600'
[2026-04-30 16:07:35] ENTER win_generate_barcode_png_code128 (ordered include version)
[2026-04-30 16:07:35] barcode src=C:\htdocs\anpr\api/../composer/php-barcode-generator-main/src/
[2026-04-30 16:07:35] barcode gen: {"success":true,"message":"Barcode PNG creato"}
[2026-04-30 16:07:35] barcode file exists=1 size=223
[2026-04-30 16:07:36] render: {"success":true,"message":"PNG creato"}
[2026-04-30 16:07:37] print: {"success":true,"message":"Stampato su POS-80-Series"}
[2026-04-30 16:07:57] printer=POS-80-Series
[2026-04-30 16:07:57] finalBarcodeValue='T20260430-160757-22ABF'
[2026-04-30 16:07:57] ENTER win_generate_barcode_png_code128 (ordered include version)
[2026-04-30 16:07:57] barcode src=C:\htdocs\anpr\api/../composer/php-barcode-generator-main/src/
[2026-04-30 16:07:57] barcode gen: {"success":true,"message":"Barcode PNG creato"}
[2026-04-30 16:07:57] barcode file exists=1 size=226
[2026-04-30 16:07:58] render: {"success":true,"message":"PNG creato"}
[2026-04-30 16:07:58] print: {"success":true,"message":"Stampato su POS-80-Series"}
[2026-04-30 16:08:25] printer=POS-80-Series
[2026-04-30 16:08:25] finalBarcodeValue='T20260430-160825-D699B'
[2026-04-30 16:08:25] ENTER win_generate_barcode_png_code128 (ordered include version)
[2026-04-30 16:08:25] barcode src=C:\htdocs\anpr\api/../composer/php-barcode-generator-main/src/
[2026-04-30 16:08:25] barcode gen: {"success":true,"message":"Barcode PNG creato"}
[2026-04-30 16:08:25] barcode file exists=1 size=224
[2026-04-30 16:08:25] render: {"success":true,"message":"PNG creato"}
[2026-04-30 16:08:26] print: {"success":true,"message":"Stampato su POS-80-Series"}
[2026-04-30 16:09:25] printer=POS-80-Series
[2026-04-30 16:09:25] finalBarcodeValue='T20260430-160925-ECD88'
[2026-04-30 16:09:25] ENTER win_generate_barcode_png_code128 (ordered include version)
[2026-04-30 16:09:25] barcode src=C:\htdocs\anpr\api/../composer/php-barcode-generator-main/src/
[2026-04-30 16:09:25] barcode gen: {"success":true,"message":"Barcode PNG creato"}
[2026-04-30 16:09:25] barcode file exists=1 size=225
[2026-04-30 16:09:26] render: {"success":true,"message":"PNG creato"}
[2026-04-30 16:09:26] print: {"success":true,"message":"Stampato su POS-80-Series"}
[2026-04-30 16:09:46] printer=POS-80-Series
[2026-04-30 16:09:46] finalBarcodeValue='T20260430-160946-99AF9'
[2026-04-30 16:09:46] ENTER win_generate_barcode_png_code128 (ordered include version)
[2026-04-30 16:09:46] barcode src=C:\htdocs\anpr\api/../composer/php-barcode-generator-main/src/
[2026-04-30 16:09:46] barcode gen: {"success":true,"message":"Barcode PNG creato"}
[2026-04-30 16:09:46] barcode file exists=1 size=228
[2026-04-30 16:09:47] render: {"success":true,"message":"PNG creato"}
[2026-04-30 16:09:48] print: {"success":true,"message":"Stampato su POS-80-Series"}
[2026-04-30 16:10:25] printer=POS-80-Series
[2026-04-30 16:10:25] finalBarcodeValue='T20260430-160946-99AF9'
[2026-04-30 16:10:25] ENTER win_generate_barcode_png_code128 (ordered include version)
[2026-04-30 16:10:25] barcode src=C:\htdocs\anpr\api/../composer/php-barcode-generator-main/src/
[2026-04-30 16:10:25] barcode gen: {"success":true,"message":"Barcode PNG creato"}
[2026-04-30 16:10:25] barcode file exists=1 size=228
[2026-04-30 16:10:26] render: {"success":true,"message":"PNG creato"}
[2026-04-30 16:10:26] print: {"success":true,"message":"Stampato su POS-80-Series"}
[2026-04-30 16:11:12] printer=POS-80-Series
[2026-04-30 16:11:12] finalBarcodeValue='T20260430-160946-99AF9'
[2026-04-30 16:11:12] ENTER win_generate_barcode_png_code128 (ordered include version)
[2026-04-30 16:11:12] barcode src=C:\htdocs\anpr\api/../composer/php-barcode-generator-main/src/
[2026-04-30 16:11:12] barcode gen: {"success":true,"message":"Barcode PNG creato"}
[2026-04-30 16:11:12] barcode file exists=1 size=228
[2026-04-30 16:11:13] render: {"success":true,"message":"PNG creato"}
[2026-04-30 16:11:13] print: {"success":true,"message":"Stampato su POS-80-Series"}
[2026-04-30 16:12:54] printer=POS-80-Series
[2026-04-30 16:12:54] finalBarcodeValue='T20260430-160946-99AF9'
[2026-04-30 16:12:54] ENTER win_generate_barcode_png_code128 (ordered include version)
[2026-04-30 16:12:54] barcode src=C:\htdocs\anpr\api/../composer/php-barcode-generator-main/src/
[2026-04-30 16:12:54] barcode gen: {"success":true,"message":"Barcode PNG creato"}
[2026-04-30 16:12:54] barcode file exists=1 size=228
[2026-04-30 16:12:55] render: {"success":true,"message":"PNG creato"}
[2026-04-30 16:12:56] print: {"success":true,"message":"Stampato su POS-80-Series"}
[2026-04-30 16:13:28] printer=POS-80-Series
[2026-04-30 16:13:28] finalBarcodeValue='T20260430-160946-99AF9'
[2026-04-30 16:13:28] ENTER win_generate_barcode_png_code128 (ordered include version)
[2026-04-30 16:13:28] barcode src=C:\htdocs\anpr\api/../composer/php-barcode-generator-main/src/
[2026-04-30 16:13:28] barcode gen: {"success":true,"message":"Barcode PNG creato"}
[2026-04-30 16:13:28] barcode file exists=1 size=228
[2026-04-30 16:13:29] render: {"success":true,"message":"PNG creato"}
[2026-04-30 16:13:30] print: {"success":true,"message":"Stampato su POS-80-Series"}
[2026-04-30 16:15:26] printer=POS-80-Series
[2026-04-30 16:15:26] finalBarcodeValue='T20260430-160946-99AF9'
[2026-04-30 16:15:26] ENTER win_generate_barcode_png_code128 (ordered include version)
[2026-04-30 16:15:26] barcode src=C:\htdocs\anpr\api/../composer/php-barcode-generator-main/src/
[2026-04-30 16:15:26] barcode gen: {"success":true,"message":"Barcode PNG creato"}
[2026-04-30 16:15:26] barcode file exists=1 size=228
[2026-04-30 16:15:27] render: {"success":true,"message":"PNG creato"}
[2026-04-30 16:15:27] print: {"success":true,"message":"Stampato su POS-80-Series"}
[2026-05-01 11:15:09] printer=POS-80-Series
[2026-05-01 11:15:09] finalBarcodeValue='T20260501-111509-741F6'
[2026-05-01 11:15:09] ENTER win_generate_barcode_png_code128 (ordered include version)
[2026-05-01 11:15:09] barcode src=C:\htdocs\anpr\api/../composer/php-barcode-generator-main/src/
[2026-05-01 11:15:09] barcode gen: {"success":true,"message":"Barcode PNG creato"}
[2026-05-01 11:15:09] barcode file exists=1 size=227
[2026-05-01 11:15:10] render: {"success":true,"message":"PNG creato"}
[2026-05-01 11:15:11] print: {"success":true,"message":"Stampato su POS-80-Series"}
[2026-05-01 11:19:07] printer=POS-80-Series
[2026-05-01 11:19:07] finalBarcodeValue='T20260501-111907-2E0A9'
[2026-05-01 11:19:07] ENTER win_generate_barcode_png_code128 (ordered include version)
[2026-05-01 11:19:07] barcode src=C:\htdocs\anpr\api/../composer/php-barcode-generator-main/src/
[2026-05-01 11:19:07] barcode gen: {"success":true,"message":"Barcode PNG creato"}
[2026-05-01 11:19:07] barcode file exists=1 size=226
[2026-05-01 11:19:08] render: {"success":true,"message":"PNG creato"}
[2026-05-01 11:19:09] print: {"success":true,"message":"Stampato su POS-80-Series"}
[2026-05-01 11:19:14] printer=POS-80-Series
[2026-05-01 11:19:14] finalBarcodeValue='T20260501-111914-52770'
[2026-05-01 11:19:14] ENTER win_generate_barcode_png_code128 (ordered include version)
[2026-05-01 11:19:14] barcode src=C:\htdocs\anpr\api/../composer/php-barcode-generator-main/src/
[2026-05-01 11:19:14] barcode gen: {"success":true,"message":"Barcode PNG creato"}
[2026-05-01 11:19:14] barcode file exists=1 size=222
[2026-05-01 11:19:15] render: {"success":true,"message":"PNG creato"}
[2026-05-01 11:19:16] print: {"success":true,"message":"Stampato su POS-80-Series"}
[2026-05-01 11:19:19] printer=POS-80-Series
[2026-05-01 11:19:19] finalBarcodeValue='T20260501-111919-573D6'
[2026-05-01 11:19:19] ENTER win_generate_barcode_png_code128 (ordered include version)
[2026-05-01 11:19:19] barcode src=C:\htdocs\anpr\api/../composer/php-barcode-generator-main/src/
[2026-05-01 11:19:19] barcode gen: {"success":true,"message":"Barcode PNG creato"}
[2026-05-01 11:19:19] barcode file exists=1 size=228
[2026-05-01 11:19:20] render: {"success":true,"message":"PNG creato"}
[2026-05-01 11:19:21] print: {"success":true,"message":"Stampato su POS-80-Series"}
[2026-05-01 11:19:21] printer=POS-80-Series
[2026-05-01 11:19:21] finalBarcodeValue='T20260501-111920-90B81'
[2026-05-01 11:19:21] ENTER win_generate_barcode_png_code128 (ordered include version)
[2026-05-01 11:19:21] barcode src=C:\htdocs\anpr\api/../composer/php-barcode-generator-main/src/
[2026-05-01 11:19:21] barcode gen: {"success":true,"message":"Barcode PNG creato"}
[2026-05-01 11:19:21] barcode file exists=1 size=227
[2026-05-01 11:19:22] render: {"success":true,"message":"PNG creato"}
[2026-05-01 11:19:22] print: {"success":true,"message":"Stampato su POS-80-Series"}
